[  141507ms] [ERROR] WebSocket connection to 'ws://localhost:3000/_next/webpack-hmr?id=0aKfPNLtkOicJWkvIkgxm' failed: Error in connection establishment: net::ERR_CONNECTION_REFUSED @ http://localhost:3000/_next/static/chunks/7d626_next_dist_client_9a27084e._.js:10878
[  142511ms] [ERROR] WebSocket connection to 'ws://localhost:3000/_next/webpack-hmr?id=0aKfPNLtkOicJWkvIkgxm' failed: Error in connection establishment: net::ERR_CONNECTION_REFUSED @ http://localhost:3000/_next/static/chunks/7d626_next_dist_client_9a27084e._.js:10878
[  143515ms] [ERROR] WebSocket connection to 'ws://localhost:3000/_next/webpack-hmr?id=0aKfPNLtkOicJWkvIkgxm' failed: Error in connection establishment: net::ERR_CONNECTION_REFUSED @ http://localhost:3000/_next/static/chunks/7d626_next_dist_client_9a27084e._.js:10878
[  144519ms] [ERROR] WebSocket connection to 'ws://localhost:3000/_next/webpack-hmr?id=0aKfPNLtkOicJWkvIkgxm' failed: Error in connection establishment: net::ERR_CONNECTION_REFUSED @ http://localhost:3000/_next/static/chunks/7d626_next_dist_client_9a27084e._.js:10878
[  145522ms] [ERROR] WebSocket connection to 'ws://localhost:3000/_next/webpack-hmr?id=0aKfPNLtkOicJWkvIkgxm' failed: Error in connection establishment: net::ERR_CONNECTION_REFUSED @ http://localhost:3000/_next/static/chunks/7d626_next_dist_client_9a27084e._.js:10878
[  328551ms] [ERROR] WebSocket connection to 'wss://reliable-parrot-452.convex.cloud/api/1.31.7/sync' failed:  @ http://localhost:3000/_next/static/chunks/node_modules__pnpm_f96f5f6f._.js:3307
[  328560ms] [ERROR] WebSocket connection to 'ws://localhost:3000/_next/webpack-hmr?id=aoqg5JhEPHXA_1neNG9b0' failed:  @ http://localhost:3000/_next/static/chunks/7d626_next_dist_client_9a27084e._.js:10878
[  329656ms] [ERROR] WebSocket connection to 'ws://localhost:3000/_next/webpack-hmr?id=aoqg5JhEPHXA_1neNG9b0' failed: Error in connection establishment: net::ERR_CONNECTION_REFUSED @ http://localhost:3000/_next/static/chunks/7d626_next_dist_client_9a27084e._.js:10878
[  330660ms] [ERROR] WebSocket connection to 'ws://localhost:3000/_next/webpack-hmr?id=aoqg5JhEPHXA_1neNG9b0' failed: Error in connection establishment: net::ERR_CONNECTION_REFUSED @ http://localhost:3000/_next/static/chunks/7d626_next_dist_client_9a27084e._.js:10878
[  331663ms] [ERROR] WebSocket connection to 'ws://localhost:3000/_next/webpack-hmr?id=aoqg5JhEPHXA_1neNG9b0' failed: Error in connection establishment: net::ERR_CONNECTION_REFUSED @ http://localhost:3000/_next/static/chunks/7d626_next_dist_client_9a27084e._.js:10878
[  332666ms] [ERROR] WebSocket connection to 'ws://localhost:3000/_next/webpack-hmr?id=aoqg5JhEPHXA_1neNG9b0' failed: Error in connection establishment: net::ERR_CONNECTION_REFUSED @ http://localhost:3000/_next/static/chunks/7d626_next_dist_client_9a27084e._.js:10878
[  333669ms] [ERROR] WebSocket connection to 'ws://localhost:3000/_next/webpack-hmr?id=aoqg5JhEPHXA_1neNG9b0' failed: Error in connection establishment: net::ERR_CONNECTION_REFUSED @ http://localhost:3000/_next/static/chunks/7d626_next_dist_client_9a27084e._.js:10878
[  353805ms] Error: [CONVEX Q(orders:getById)] [Request ID: 0c85b52d755f7adb] Server Error
ArgumentValidationError: Value does not match validator.
Path: .id
Value: "kitchen"
Validator: v.id("orders")


  Called by client
    at OptimisticQueryResults.queryResult (http://localhost:3000/_next/static/chunks/node_modules__pnpm_f96f5f6f._.js:2795:19)
    at BaseConvexClient.localQueryResult (http://localhost:3000/_next/static/chunks/node_modules__pnpm_f96f5f6f._.js:4644:44)
    at Object.localQueryResult (http://localhost:3000/_next/static/chunks/node_modules__pnpm_f96f5f6f._.js:6399:44)
    at QueriesObserver.getLocalResults (http://localhost:3000/_next/static/chunks/node_modules__pnpm_f96f5f6f._.js:6776:31)
    at useQueriesHelper.useMemo[subscription] (http://localhost:3000/_next/static/chunks/node_modules__pnpm_f96f5f6f._.js:6908:41)
    at useSubscription.useEffect.checkForUpdates (http://localhost:3000/_next/static/chunks/node_modules__pnpm_f96f5f6f._.js:6148:43)
    at basicStateReducer (http://localhost:3000/_next/static/chunks/7d626_next_dist_compiled_react-dom_a00d0015._.js:4828:47)
    at updateReducerImpl (http://localhost:3000/_next/static/chunks/7d626_next_dist_compiled_react-dom_a00d0015._.js:4910:79)
    at updateReducer (http://localhost:3000/_next/static/chunks/7d626_next_dist_compiled_react-dom_a00d0015._.js:4860:16)
    at Object.useState (http://localhost:3000/_next/static/chunks/7d626_next_dist_compiled_react-dom_a00d0015._.js:15282:24)
    at exports.useState (http://localhost:3000/_next/static/chunks/7d626_next_dist_compiled_d65fe0fa._.js:1754:36)
    at useSubscription (http://localhost:3000/_next/static/chunks/node_modules__pnpm_f96f5f6f._.js:6119:405)
    at useQueriesHelper (http://localhost:3000/_next/static/chunks/node_modules__pnpm_f96f5f6f._.js:6922:275)
    at useQueries (http://localhost:3000/_next/static/chunks/node_modules__pnpm_f96f5f6f._.js:6888:12)
    at useQuery (http://localhost:3000/_next/static/chunks/node_modules__pnpm_f96f5f6f._.js:6636:274)
    at OrderDetailPage (http://localhost:3000/_next/static/chunks/packages_admin_src_pages_orders_a78264e3._.js:1884:265)
    at Object.react_stack_bottom_frame (http://localhost:3000/_next/static/chunks/7d626_next_dist_compiled_react-dom_a00d0015._.js:14826:24)
    at renderWithHooks (http://localhost:3000/_next/static/chunks/7d626_next_dist_compiled_react-dom_a00d0015._.js:4651:24)
    at updateFunctionComponent (http://localhost:3000/_next/static/chunks/7d626_next_dist_compiled_react-dom_a00d0015._.js:6112:21)
    at beginWork (http://localhost:3000/_next/static/chunks/7d626_next_dist_compiled_react-dom_a00d0015._.js:6708:24)
    at runWithFiberInDEV (http://localhost:3000/_next/static/chunks/7d626_next_dist_compiled_react-dom_a00d0015._.js:965:74)
    at performUnitOfWork (http://localhost:3000/_next/static/chunks/7d626_next_dist_compiled_react-dom_a00d0015._.js:9562:97)
    at workLoopSync (http://localhost:3000/_next/static/chunks/7d626_next_dist_compiled_react-dom_a00d0015._.js:9456:40)
    at renderRootSync (http://localhost:3000/_next/static/chunks/7d626_next_dist_compiled_react-dom_a00d0015._.js:9440:13)
    at performWorkOnRoot (http://localhost:3000/_next/static/chunks/7d626_next_dist_compiled_react-dom_a00d0015._.js:9105:47)
    at performWorkOnRootViaSchedulerTask (http://localhost:3000/_next/static/chunks/7d626_next_dist_compiled_react-dom_a00d0015._.js:10230:9)
    at MessagePort.performWorkUntilDeadline (http://localhost:3000/_next/static/chunks/7d626_next_dist_compiled_d65fe0fa._.js:2647:64)
[  367243ms] [ERROR] Failed to load resource: net::ERR_CONNECTION_REFUSED @ http://localhost:3000/api/auth/get-session:0
[  367251ms] [ERROR] Failed to load resource: net::ERR_CONNECTION_REFUSED @ http://localhost:3000/api/auth/get-session:0
[  367251ms] [ERROR] Failed to load resource: net::ERR_CONNECTION_REFUSED @ http://localhost:3000/api/auth/get-session:0
[  367251ms] [ERROR] Failed to load resource: net::ERR_CONNECTION_REFUSED @ http://localhost:3000/api/auth/get-session:0
[  367251ms] [ERROR] Failed to load resource: net::ERR_CONNECTION_REFUSED @ http://localhost:3000/api/auth/get-session:0
[  367251ms] [ERROR] Failed to load resource: net::ERR_CONNECTION_REFUSED @ http://localhost:3000/api/auth/get-session:0
[  367251ms] [ERROR] Failed to load resource: net::ERR_CONNECTION_REFUSED @ http://localhost:3000/api/auth/get-session:0
[  367251ms] [ERROR] Failed to load resource: net::ERR_CONNECTION_REFUSED @ http://localhost:3000/api/auth/get-session:0
[  367251ms] [ERROR] Failed to load resource: net::ERR_CONNECTION_REFUSED @ http://localhost:3000/api/auth/get-session:0
[  367251ms] [ERROR] Failed to load resource: net::ERR_CONNECTION_REFUSED @ http://localhost:3000/api/auth/get-session:0
[  367251ms] [ERROR] Failed to load resource: net::ERR_CONNECTION_REFUSED @ http://localhost:3000/api/auth/get-session:0
[  367251ms] [ERROR] Failed to load resource: net::ERR_CONNECTION_REFUSED @ http://localhost:3000/api/auth/get-session:0
[  367251ms] [ERROR] Failed to load resource: net::ERR_CONNECTION_REFUSED @ http://localhost:3000/api/auth/get-session:0
[  367251ms] [ERROR] Failed to load resource: net::ERR_CONNECTION_REFUSED @ http://localhost:3000/api/auth/get-session:0
[  367251ms] [ERROR] Failed to load resource: net::ERR_CONNECTION_REFUSED @ http://localhost:3000/api/auth/get-session:0
[  367251ms] [ERROR] Failed to load resource: net::ERR_CONNECTION_REFUSED @ http://localhost:3000/api/auth/get-session:0
[  367252ms] [ERROR] Failed to load resource: net::ERR_CONNECTION_REFUSED @ http://localhost:3000/api/auth/get-session:0
[  367252ms] [ERROR] Failed to load resource: net::ERR_CONNECTION_REFUSED @ http://localhost:3000/api/auth/get-session:0
[  367252ms] [ERROR] Failed to load resource: net::ERR_CONNECTION_REFUSED @ http://localhost:3000/api/auth/get-session:0
[  367252ms] [ERROR] Failed to load resource: net::ERR_CONNECTION_REFUSED @ http://localhost:3000/api/auth/get-session:0
[  367252ms] [ERROR] Failed to load resource: net::ERR_CONNECTION_REFUSED @ http://localhost:3000/api/auth/get-session:0
[  367252ms] [ERROR] Failed to load resource: net::ERR_CONNECTION_REFUSED @ http://localhost:3000/api/auth/get-session:0
[  367252ms] [ERROR] Failed to load resource: net::ERR_CONNECTION_REFUSED @ http://localhost:3000/api/auth/get-session:0
[  367252ms] [ERROR] Failed to load resource: net::ERR_CONNECTION_REFUSED @ http://localhost:3000/api/auth/get-session:0
[  367252ms] [ERROR] Failed to load resource: net::ERR_CONNECTION_REFUSED @ http://localhost:3000/api/auth/get-session:0
[  367252ms] [ERROR] Failed to load resource: net::ERR_CONNECTION_REFUSED @ http://localhost:3000/api/auth/get-session:0
[  367252ms] [ERROR] Failed to load resource: net::ERR_CONNECTION_REFUSED @ http://localhost:3000/api/auth/get-session:0
[  367252ms] [ERROR] Failed to load resource: net::ERR_CONNECTION_REFUSED @ http://localhost:3000/api/auth/get-session:0
[  367252ms] [ERROR] Failed to load resource: net::ERR_CONNECTION_REFUSED @ http://localhost:3000/api/auth/get-session:0
[  367252ms] [ERROR] Failed to load resource: net::ERR_CONNECTION_REFUSED @ http://localhost:3000/api/auth/get-session:0
[  367252ms] [ERROR] Failed to load resource: net::ERR_CONNECTION_REFUSED @ http://localhost:3000/api/auth/get-session:0
[  367252ms] [ERROR] Failed to load resource: net::ERR_CONNECTION_REFUSED @ http://localhost:3000/api/auth/get-session:0
[  367252ms] [ERROR] Failed to load resource: net::ERR_CONNECTION_REFUSED @ http://localhost:3000/api/auth/get-session:0
[  367252ms] [ERROR] Failed to load resource: net::ERR_CONNECTION_REFUSED @ http://localhost:3000/api/auth/get-session:0
[  367252ms] [ERROR] Failed to load resource: net::ERR_CONNECTION_REFUSED @ http://localhost:3000/api/auth/get-session:0
[  367252ms] [ERROR] Failed to load resource: net::ERR_CONNECTION_REFUSED @ http://localhost:3000/api/auth/get-session:0
[  367252ms] [ERROR] Failed to load resource: net::ERR_CONNECTION_REFUSED @ http://localhost:3000/api/auth/get-session:0
[  367252ms] [ERROR] Failed to load resource: net::ERR_CONNECTION_REFUSED @ http://localhost:3000/api/auth/get-session:0
[  367252ms] [ERROR] Failed to load resource: net::ERR_CONNECTION_REFUSED @ http://localhost:3000/api/auth/get-session:0
[  367252ms] [ERROR] Failed to load resource: net::ERR_CONNECTION_REFUSED @ http://localhost:3000/api/auth/get-session:0
[  367252ms] [ERROR] Failed to load resource: net::ERR_CONNECTION_REFUSED @ http://localhost:3000/api/auth/get-session:0
[  367253ms] [ERROR] Failed to load resource: net::ERR_CONNECTION_REFUSED @ http://localhost:3000/api/auth/get-session:0
[  367253ms] [ERROR] Failed to load resource: net::ERR_CONNECTION_REFUSED @ http://localhost:3000/api/auth/get-session:0
[  367253ms] [ERROR] Failed to load resource: net::ERR_CONNECTION_REFUSED @ http://localhost:3000/api/auth/get-session:0
[  367253ms] [ERROR] Failed to load resource: net::ERR_CONNECTION_REFUSED @ http://localhost:3000/api/auth/get-session:0
[  367253ms] [ERROR] Failed to load resource: net::ERR_CONNECTION_REFUSED @ http://localhost:3000/api/auth/get-session:0
[  367253ms] [ERROR] Failed to load resource: net::ERR_CONNECTION_REFUSED @ http://localhost:3000/api/auth/get-session:0
[  367253ms] [ERROR] Failed to load resource: net::ERR_CONNECTION_REFUSED @ http://localhost:3000/api/auth/get-session:0
[  367253ms] [ERROR] Failed to load resource: net::ERR_CONNECTION_REFUSED @ http://localhost:3000/api/auth/get-session:0
[  367253ms] [ERROR] Failed to load resource: net::ERR_CONNECTION_REFUSED @ http://localhost:3000/api/auth/get-session:0
[  367253ms] [ERROR] Failed to load resource: net::ERR_CONNECTION_REFUSED @ http://localhost:3000/api/auth/get-session:0
[  367253ms] [ERROR] Failed to load resource: net::ERR_CONNECTION_REFUSED @ http://localhost:3000/api/auth/get-session:0
[  367253ms] [ERROR] Failed to load resource: net::ERR_CONNECTION_REFUSED @ http://localhost:3000/api/auth/get-session:0
[  367253ms] [ERROR] Failed to load resource: net::ERR_CONNECTION_REFUSED @ http://localhost:3000/api/auth/get-session:0
[  367253ms] [ERROR] Failed to load resource: net::ERR_CONNECTION_REFUSED @ http://localhost:3000/api/auth/get-session:0
[  367253ms] [ERROR] Failed to load resource: net::ERR_CONNECTION_REFUSED @ http://localhost:3000/api/auth/get-session:0
[  367253ms] [ERROR] Failed to load resource: net::ERR_CONNECTION_REFUSED @ http://localhost:3000/api/auth/get-session:0
[  367253ms] [ERROR] Failed to load resource: net::ERR_CONNECTION_REFUSED @ http://localhost:3000/api/auth/get-session:0
[  367253ms] [ERROR] Failed to load resource: net::ERR_CONNECTION_REFUSED @ http://localhost:3000/api/auth/get-session:0
[  367253ms] [ERROR] Failed to load resource: net::ERR_CONNECTION_REFUSED @ http://localhost:3000/api/auth/get-session:0
[  367253ms] [ERROR] Failed to load resource: net::ERR_CONNECTION_REFUSED @ http://localhost:3000/api/auth/get-session:0
[  367253ms] [ERROR] Failed to load resource: net::ERR_CONNECTION_REFUSED @ http://localhost:3000/api/auth/get-session:0
[  367253ms] [ERROR] Failed to load resource: net::ERR_CONNECTION_REFUSED @ http://localhost:3000/api/auth/get-session:0
[  367253ms] [ERROR] Failed to load resource: net::ERR_CONNECTION_REFUSED @ http://localhost:3000/api/auth/get-session:0
[  367253ms] [ERROR] Failed to load resource: net::ERR_CONNECTION_REFUSED @ http://localhost:3000/api/auth/get-session:0
[  367253ms] [ERROR] Failed to load resource: net::ERR_CONNECTION_REFUSED @ http://localhost:3000/api/auth/get-session:0
[  367253ms] [ERROR] Failed to load resource: net::ERR_CONNECTION_REFUSED @ http://localhost:3000/api/auth/get-session:0
[  367253ms] [ERROR] Failed to load resource: net::ERR_CONNECTION_REFUSED @ http://localhost:3000/api/auth/get-session:0
[  367253ms] [ERROR] Failed to load resource: net::ERR_CONNECTION_REFUSED @ http://localhost:3000/api/auth/get-session:0
[  367253ms] [ERROR] Failed to load resource: net::ERR_CONNECTION_REFUSED @ http://localhost:3000/api/auth/get-session:0
[  367253ms] [ERROR] Failed to load resource: net::ERR_CONNECTION_REFUSED @ http://localhost:3000/api/auth/get-session:0
[  367253ms] [ERROR] Failed to load resource: net::ERR_CONNECTION_REFUSED @ http://localhost:3000/api/auth/get-session:0
[  367254ms] [ERROR] Failed to load resource: net::ERR_CONNECTION_REFUSED @ http://localhost:3000/api/auth/get-session:0
[  367254ms] [ERROR] Failed to load resource: net::ERR_CONNECTION_REFUSED @ http://localhost:3000/api/auth/get-session:0
[  367254ms] [ERROR] Failed to load resource: net::ERR_CONNECTION_REFUSED @ http://localhost:3000/api/auth/get-session:0
[  367254ms] [ERROR] Failed to load resource: net::ERR_CONNECTION_REFUSED @ http://localhost:3000/api/auth/get-session:0
[  367254ms] [ERROR] Failed to load resource: net::ERR_CONNECTION_REFUSED @ http://localhost:3000/api/auth/get-session:0
[  367254ms] [ERROR] Failed to load resource: net::ERR_CONNECTION_REFUSED @ http://localhost:3000/api/auth/get-session:0
[  367254ms] [ERROR] Failed to load resource: net::ERR_CONNECTION_REFUSED @ http://localhost:3000/api/auth/get-session:0
[  367254ms] [ERROR] Failed to load resource: net::ERR_CONNECTION_REFUSED @ http://localhost:3000/api/auth/get-session:0
[  367254ms] [ERROR] Failed to load resource: net::ERR_CONNECTION_REFUSED @ http://localhost:3000/api/auth/get-session:0
[  367254ms] [ERROR] Failed to load resource: net::ERR_CONNECTION_REFUSED @ http://localhost:3000/api/auth/get-session:0
[  367254ms] [ERROR] Failed to load resource: net::ERR_CONNECTION_REFUSED @ http://localhost:3000/api/auth/get-session:0
[  367254ms] [ERROR] Failed to load resource: net::ERR_CONNECTION_REFUSED @ http://localhost:3000/api/auth/get-session:0
[  367254ms] [ERROR] Failed to load resource: net::ERR_CONNECTION_REFUSED @ http://localhost:3000/api/auth/get-session:0
[  367254ms] [ERROR] Failed to load resource: net::ERR_CONNECTION_REFUSED @ http://localhost:3000/api/auth/get-session:0
[  367254ms] [ERROR] Failed to load resource: net::ERR_CONNECTION_REFUSED @ http://localhost:3000/api/auth/get-session:0
[  367254ms] [ERROR] Failed to load resource: net::ERR_CONNECTION_REFUSED @ http://localhost:3000/api/auth/get-session:0
[  367254ms] [ERROR] Failed to load resource: net::ERR_CONNECTION_REFUSED @ http://localhost:3000/api/auth/get-session:0
[  367254ms] [ERROR] Failed to load resource: net::ERR_CONNECTION_REFUSED @ http://localhost:3000/api/auth/get-session:0
[  367254ms] [ERROR] Failed to load resource: net::ERR_CONNECTION_REFUSED @ http://localhost:3000/api/auth/get-session:0
[  367254ms] [ERROR] Failed to load resource: net::ERR_CONNECTION_REFUSED @ http://localhost:3000/api/auth/get-session:0
[  367254ms] [ERROR] Failed to load resource: net::ERR_CONNECTION_REFUSED @ http://localhost:3000/api/auth/get-session:0
[  367254ms] [ERROR] Failed to load resource: net::ERR_CONNECTION_REFUSED @ http://localhost:3000/api/auth/get-session:0
[  367254ms] [ERROR] Failed to load resource: net::ERR_CONNECTION_REFUSED @ http://localhost:3000/api/auth/get-session:0
[  367254ms] [ERROR] Failed to load resource: net::ERR_CONNECTION_REFUSED @ http://localhost:3000/api/auth/get-session:0
[  367254ms] [ERROR] Failed to load resource: net::ERR_CONNECTION_REFUSED @ http://localhost:3000/api/auth/get-session:0
[  367254ms] [ERROR] Failed to load resource: net::ERR_CONNECTION_REFUSED @ http://localhost:3000/api/auth/get-session:0
[  367254ms] [ERROR] Failed to load resource: net::ERR_CONNECTION_REFUSED @ http://localhost:3000/api/auth/get-session:0
[  367254ms] [ERROR] Failed to load resource: net::ERR_CONNECTION_REFUSED @ http://localhost:3000/api/auth/get-session:0
[  367254ms] [ERROR] Failed to load resource: net::ERR_CONNECTION_REFUSED @ http://localhost:3000/api/auth/get-session:0
[  367255ms] [ERROR] Failed to load resource: net::ERR_CONNECTION_REFUSED @ http://localhost:3000/api/auth/get-session:0
[  367255ms] [ERROR] Failed to load resource: net::ERR_CONNECTION_REFUSED @ http://localhost:3000/api/auth/get-session:0
[  367255ms] [ERROR] Failed to load resource: net::ERR_CONNECTION_REFUSED @ http://localhost:3000/api/auth/get-session:0
[  367255ms] [ERROR] Failed to load resource: net::ERR_CONNECTION_REFUSED @ http://localhost:3000/api/auth/get-session:0
[  367255ms] [ERROR] Failed to load resource: net::ERR_CONNECTION_REFUSED @ http://localhost:3000/api/auth/get-session:0
[  367255ms] [ERROR] Failed to load resource: net::ERR_CONNECTION_REFUSED @ http://localhost:3000/api/auth/get-session:0
[  367255ms] [ERROR] Failed to load resource: net::ERR_CONNECTION_REFUSED @ http://localhost:3000/api/auth/get-session:0
[  367255ms] [ERROR] Failed to load resource: net::ERR_CONNECTION_REFUSED @ http://localhost:3000/api/auth/get-session:0
[  367255ms] [ERROR] Failed to load resource: net::ERR_CONNECTION_REFUSED @ http://localhost:3000/api/auth/get-session:0
[  367255ms] [ERROR] Failed to load resource: net::ERR_CONNECTION_REFUSED @ http://localhost:3000/api/auth/get-session:0
[  367255ms] [ERROR] Failed to load resource: net::ERR_CONNECTION_REFUSED @ http://localhost:3000/api/auth/get-session:0
[  367255ms] [ERROR] Failed to load resource: net::ERR_CONNECTION_REFUSED @ http://localhost:3000/api/auth/get-session:0
[  367255ms] [ERROR] Failed to load resource: net::ERR_CONNECTION_REFUSED @ http://localhost:3000/api/auth/get-session:0
[  367255ms] [ERROR] Failed to load resource: net::ERR_CONNECTION_REFUSED @ http://localhost:3000/api/auth/get-session:0
[  367255ms] [ERROR] Failed to load resource: net::ERR_CONNECTION_REFUSED @ http://localhost:3000/api/auth/get-session:0
[  367256ms] [ERROR] Failed to load resource: net::ERR_CONNECTION_REFUSED @ http://localhost:3000/api/auth/get-session:0
[  367256ms] [ERROR] Failed to load resource: net::ERR_CONNECTION_REFUSED @ http://localhost:3000/api/auth/get-session:0
[  367256ms] [ERROR] Failed to load resource: net::ERR_CONNECTION_REFUSED @ http://localhost:3000/api/auth/get-session:0
[  367256ms] [ERROR] Failed to load resource: net::ERR_CONNECTION_REFUSED @ http://localhost:3000/api/auth/get-session:0
[  367256ms] [ERROR] Failed to load resource: net::ERR_CONNECTION_REFUSED @ http://localhost:3000/api/auth/get-session:0
[  367256ms] [ERROR] Failed to load resource: net::ERR_CONNECTION_REFUSED @ http://localhost:3000/api/auth/get-session:0
[  367256ms] [ERROR] Failed to load resource: net::ERR_CONNECTION_REFUSED @ http://localhost:3000/api/auth/get-session:0
[  367256ms] [ERROR] Failed to load resource: net::ERR_CONNECTION_REFUSED @ http://localhost:3000/api/auth/get-session:0
[  367256ms] [ERROR] Failed to load resource: net::ERR_CONNECTION_REFUSED @ http://localhost:3000/api/auth/get-session:0
[  367256ms] [ERROR] Failed to load resource: net::ERR_CONNECTION_REFUSED @ http://localhost:3000/api/auth/get-session:0
[  367257ms] [ERROR] Failed to load resource: net::ERR_CONNECTION_REFUSED @ http://localhost:3000/api/auth/get-session:0
[  367257ms] [ERROR] Failed to load resource: net::ERR_CONNECTION_REFUSED @ http://localhost:3000/api/auth/get-session:0
[  367257ms] [ERROR] Failed to load resource: net::ERR_CONNECTION_REFUSED @ http://localhost:3000/api/auth/get-session:0
[  367257ms] [ERROR] Failed to load resource: net::ERR_CONNECTION_REFUSED @ http://localhost:3000/api/auth/get-session:0
[  367257ms] [ERROR] Failed to load resource: net::ERR_CONNECTION_REFUSED @ http://localhost:3000/api/auth/get-session:0
[  367257ms] [ERROR] Failed to load resource: net::ERR_CONNECTION_REFUSED @ http://localhost:3000/api/auth/get-session:0
[  367257ms] [ERROR] Failed to load resource: net::ERR_CONNECTION_REFUSED @ http://localhost:3000/api/auth/get-session:0
[  367257ms] [ERROR] Failed to load resource: net::ERR_CONNECTION_REFUSED @ http://localhost:3000/api/auth/get-session:0
[  367257ms] [ERROR] Failed to load resource: net::ERR_CONNECTION_REFUSED @ http://localhost:3000/api/auth/get-session:0
[  367257ms] [ERROR] Failed to load resource: net::ERR_CONNECTION_REFUSED @ http://localhost:3000/api/auth/get-session:0
[  367257ms] [ERROR] Failed to load resource: net::ERR_CONNECTION_REFUSED @ http://localhost:3000/api/auth/get-session:0
[  367257ms] [ERROR] Failed to load resource: net::ERR_CONNECTION_REFUSED @ http://localhost:3000/api/auth/get-session:0
[  367257ms] [ERROR] Failed to load resource: net::ERR_CONNECTION_REFUSED @ http://localhost:3000/api/auth/get-session:0
[  367258ms] [ERROR] Failed to load resource: net::ERR_CONNECTION_REFUSED @ http://localhost:3000/api/auth/get-session:0
[  367258ms] [ERROR] Failed to load resource: net::ERR_CONNECTION_REFUSED @ http://localhost:3000/api/auth/get-session:0
[  367258ms] [ERROR] Failed to load resource: net::ERR_CONNECTION_REFUSED @ http://localhost:3000/api/auth/get-session:0
[  367258ms] [ERROR] Failed to load resource: net::ERR_CONNECTION_REFUSED @ http://localhost:3000/api/auth/get-session:0
[  367258ms] [ERROR] Failed to load resource: net::ERR_CONNECTION_REFUSED @ http://localhost:3000/api/auth/get-session:0
[  367258ms] [ERROR] Failed to load resource: net::ERR_CONNECTION_REFUSED @ http://localhost:3000/api/auth/get-session:0
[  367258ms] [ERROR] Failed to load resource: net::ERR_CONNECTION_REFUSED @ http://localhost:3000/api/auth/get-session:0
[  367258ms] [ERROR] Failed to load resource: net::ERR_CONNECTION_REFUSED @ http://localhost:3000/api/auth/get-session:0
[  367258ms] [ERROR] Failed to load resource: net::ERR_CONNECTION_REFUSED @ http://localhost:3000/api/auth/get-session:0
[  367258ms] [ERROR] Failed to load resource: net::ERR_CONNECTION_REFUSED @ http://localhost:3000/api/auth/get-session:0
[  367258ms] [ERROR] Failed to load resource: net::ERR_CONNECTION_REFUSED @ http://localhost:3000/api/auth/get-session:0
[  367258ms] [ERROR] Failed to load resource: net::ERR_CONNECTION_REFUSED @ http://localhost:3000/api/auth/get-session:0
[  367258ms] [ERROR] Failed to load resource: net::ERR_CONNECTION_REFUSED @ http://localhost:3000/api/auth/get-session:0
[  367258ms] [ERROR] Failed to load resource: net::ERR_CONNECTION_REFUSED @ http://localhost:3000/api/auth/get-session:0
[  367258ms] [ERROR] Failed to load resource: net::ERR_CONNECTION_REFUSED @ http://localhost:3000/api/auth/get-session:0
[  367258ms] [ERROR] Failed to load resource: net::ERR_CONNECTION_REFUSED @ http://localhost:3000/api/auth/get-session:0
[  367258ms] [ERROR] Failed to load resource: net::ERR_CONNECTION_REFUSED @ http://localhost:3000/api/auth/get-session:0
[  367258ms] [ERROR] Failed to load resource: net::ERR_CONNECTION_REFUSED @ http://localhost:3000/api/auth/get-session:0
[  367258ms] [ERROR] Failed to load resource: net::ERR_CONNECTION_REFUSED @ http://localhost:3000/api/auth/get-session:0
[  367258ms] [ERROR] Failed to load resource: net::ERR_CONNECTION_REFUSED @ http://localhost:3000/api/auth/get-session:0
[  367258ms] [ERROR] Failed to load resource: net::ERR_CONNECTION_REFUSED @ http://localhost:3000/api/auth/get-session:0
[  367258ms] [ERROR] Failed to load resource: net::ERR_CONNECTION_REFUSED @ http://localhost:3000/api/auth/get-session:0
[  367258ms] [ERROR] Failed to load resource: net::ERR_CONNECTION_REFUSED @ http://localhost:3000/api/auth/get-session:0
[  367258ms] [ERROR] Failed to load resource: net::ERR_CONNECTION_REFUSED @ http://localhost:3000/api/auth/get-session:0
[  367259ms] [ERROR] Failed to load resource: net::ERR_CONNECTION_REFUSED @ http://localhost:3000/api/auth/get-session:0
[  367259ms] [ERROR] Failed to load resource: net::ERR_CONNECTION_REFUSED @ http://localhost:3000/api/auth/get-session:0
[  367259ms] [ERROR] Failed to load resource: net::ERR_CONNECTION_REFUSED @ http://localhost:3000/api/auth/get-session:0
[  367259ms] [ERROR] Failed to load resource: net::ERR_CONNECTION_REFUSED @ http://localhost:3000/api/auth/get-session:0
[  367259ms] [ERROR] Failed to load resource: net::ERR_CONNECTION_REFUSED @ http://localhost:3000/api/auth/get-session:0
[  367259ms] [ERROR] Failed to load resource: net::ERR_CONNECTION_REFUSED @ http://localhost:3000/api/auth/get-session:0
[  367259ms] [ERROR] Failed to load resource: net::ERR_CONNECTION_REFUSED @ http://localhost:3000/api/auth/get-session:0
[  367259ms] [ERROR] Failed to load resource: net::ERR_CONNECTION_REFUSED @ http://localhost:3000/api/auth/get-session:0
[  367259ms] [ERROR] Failed to load resource: net::ERR_CONNECTION_REFUSED @ http://localhost:3000/api/auth/get-session:0
[  367259ms] [ERROR] Failed to load resource: net::ERR_CONNECTION_REFUSED @ http://localhost:3000/api/auth/get-session:0
[  367259ms] [ERROR] Failed to load resource: net::ERR_CONNECTION_REFUSED @ http://localhost:3000/api/auth/get-session:0
[  367259ms] [ERROR] Failed to load resource: net::ERR_CONNECTION_REFUSED @ http://localhost:3000/api/auth/get-session:0
[  367259ms] [ERROR] Failed to load resource: net::ERR_CONNECTION_REFUSED @ http://localhost:3000/api/auth/get-session:0
[  367259ms] [ERROR] Failed to load resource: net::ERR_CONNECTION_REFUSED @ http://localhost:3000/api/auth/get-session:0
[  367260ms] [ERROR] Failed to load resource: net::ERR_CONNECTION_REFUSED @ http://localhost:3000/api/auth/get-session:0
[  367260ms] [ERROR] Failed to load resource: net::ERR_CONNECTION_REFUSED @ http://localhost:3000/api/auth/get-session:0
[  367260ms] [ERROR] Failed to load resource: net::ERR_CONNECTION_REFUSED @ http://localhost:3000/api/auth/get-session:0
[  367260ms] [ERROR] Failed to load resource: net::ERR_CONNECTION_REFUSED @ http://localhost:3000/api/auth/get-session:0
[  367260ms] [ERROR] Failed to load resource: net::ERR_CONNECTION_REFUSED @ http://localhost:3000/api/auth/get-session:0
[  367260ms] [ERROR] Failed to load resource: net::ERR_CONNECTION_REFUSED @ http://localhost:3000/api/auth/get-session:0
[  367260ms] [ERROR] Failed to load resource: net::ERR_CONNECTION_REFUSED @ http://localhost:3000/api/auth/get-session:0
[  367261ms] [ERROR] Failed to load resource: net::ERR_CONNECTION_REFUSED @ http://localhost:3000/api/auth/get-session:0
[  367261ms] [ERROR] Failed to load resource: net::ERR_CONNECTION_REFUSED @ http://localhost:3000/api/auth/get-session:0
[  367261ms] [ERROR] Failed to load resource: net::ERR_CONNECTION_REFUSED @ http://localhost:3000/api/auth/get-session:0
[  367261ms] [ERROR] Failed to load resource: net::ERR_CONNECTION_REFUSED @ http://localhost:3000/api/auth/get-session:0
[  367261ms] [ERROR] Failed to load resource: net::ERR_CONNECTION_REFUSED @ http://localhost:3000/api/auth/get-session:0
[  367261ms] [ERROR] Failed to load resource: net::ERR_CONNECTION_REFUSED @ http://localhost:3000/api/auth/get-session:0
[  367261ms] [ERROR] Failed to load resource: net::ERR_CONNECTION_REFUSED @ http://localhost:3000/api/auth/get-session:0
[  367262ms] [ERROR] Failed to load resource: net::ERR_CONNECTION_REFUSED @ http://localhost:3000/api/auth/get-session:0
[  367262ms] [ERROR] Failed to load resource: net::ERR_CONNECTION_REFUSED @ http://localhost:3000/api/auth/get-session:0
[  367262ms] [ERROR] Failed to load resource: net::ERR_CONNECTION_REFUSED @ http://localhost:3000/api/auth/get-session:0
[  367262ms] [ERROR] Failed to load resource: net::ERR_CONNECTION_REFUSED @ http://localhost:3000/api/auth/get-session:0
[  367263ms] [ERROR] Failed to load resource: net::ERR_CONNECTION_REFUSED @ http://localhost:3000/api/auth/get-session:0
[  367263ms] [ERROR] Failed to load resource: net::ERR_CONNECTION_REFUSED @ http://localhost:3000/api/auth/get-session:0
[  367263ms] [ERROR] Failed to load resource: net::ERR_CONNECTION_REFUSED @ http://localhost:3000/api/auth/get-session:0
[  367263ms] [ERROR] Failed to load resource: net::ERR_CONNECTION_REFUSED @ http://localhost:3000/api/auth/get-session:0
[  367263ms] [ERROR] Failed to load resource: net::ERR_CONNECTION_REFUSED @ http://localhost:3000/api/auth/get-session:0
[  367264ms] [ERROR] Failed to load resource: net::ERR_CONNECTION_REFUSED @ http://localhost:3000/api/auth/get-session:0
[  367264ms] [ERROR] Failed to load resource: net::ERR_CONNECTION_REFUSED @ http://localhost:3000/api/auth/get-session:0
[  367264ms] [ERROR] Failed to load resource: net::ERR_CONNECTION_REFUSED @ http://localhost:3000/api/auth/get-session:0
[  367264ms] [ERROR] Failed to load resource: net::ERR_CONNECTION_REFUSED @ http://localhost:3000/api/auth/get-session:0
[  367265ms] [ERROR] Failed to load resource: net::ERR_CONNECTION_REFUSED @ http://localhost:3000/api/auth/get-session:0
[  367265ms] [ERROR] Failed to load resource: net::ERR_CONNECTION_REFUSED @ http://localhost:3000/api/auth/get-session:0
[  367265ms] [ERROR] Failed to load resource: net::ERR_CONNECTION_REFUSED @ http://localhost:3000/api/auth/get-session:0
[  367265ms] [ERROR] Failed to load resource: net::ERR_CONNECTION_REFUSED @ http://localhost:3000/api/auth/get-session:0
[  367266ms] [ERROR] Failed to load resource: net::ERR_CONNECTION_REFUSED @ http://localhost:3000/api/auth/get-session:0
[  367266ms] [ERROR] Failed to load resource: net::ERR_CONNECTION_REFUSED @ http://localhost:3000/api/auth/get-session:0
[  367266ms] [ERROR] Failed to load resource: net::ERR_CONNECTION_REFUSED @ http://localhost:3000/api/auth/get-session:0
[  367266ms] [ERROR] Failed to load resource: net::ERR_CONNECTION_REFUSED @ http://localhost:3000/api/auth/get-session:0
[  367266ms] [ERROR] Failed to load resource: net::ERR_CONNECTION_REFUSED @ http://localhost:3000/api/auth/get-session:0
[  367266ms] [ERROR] Failed to load resource: net::ERR_CONNECTION_REFUSED @ http://localhost:3000/api/auth/get-session:0
[  367267ms] [ERROR] Failed to load resource: net::ERR_CONNECTION_REFUSED @ http://localhost:3000/api/auth/get-session:0
[  367267ms] [ERROR] Failed to load resource: net::ERR_CONNECTION_REFUSED @ http://localhost:3000/api/auth/get-session:0
[  367267ms] [ERROR] Failed to load resource: net::ERR_CONNECTION_REFUSED @ http://localhost:3000/api/auth/get-session:0
[  367267ms] [ERROR] Failed to load resource: net::ERR_CONNECTION_REFUSED @ http://localhost:3000/api/auth/get-session:0
[  367268ms] [ERROR] Failed to load resource: net::ERR_CONNECTION_REFUSED @ http://localhost:3000/api/auth/get-session:0
[  367268ms] [ERROR] Failed to load resource: net::ERR_CONNECTION_REFUSED @ http://localhost:3000/api/auth/get-session:0
[  367269ms] [ERROR] Failed to load resource: net::ERR_CONNECTION_REFUSED @ http://localhost:3000/api/auth/get-session:0
[  367269ms] [ERROR] Failed to load resource: net::ERR_CONNECTION_REFUSED @ http://localhost:3000/api/auth/get-session:0
[  367269ms] [ERROR] Failed to load resource: net::ERR_CONNECTION_REFUSED @ http://localhost:3000/api/auth/get-session:0
[  367269ms] [ERROR] Failed to load resource: net::ERR_CONNECTION_REFUSED @ http://localhost:3000/api/auth/get-session:0
[  367269ms] [ERROR] Failed to load resource: net::ERR_CONNECTION_REFUSED @ http://localhost:3000/api/auth/get-session:0
[  367270ms] [ERROR] Failed to load resource: net::ERR_CONNECTION_REFUSED @ http://localhost:3000/api/auth/get-session:0
[  367270ms] [ERROR] Failed to load resource: net::ERR_CONNECTION_REFUSED @ http://localhost:3000/api/auth/get-session:0
[  367270ms] [ERROR] Failed to load resource: net::ERR_CONNECTION_REFUSED @ http://localhost:3000/api/auth/get-session:0
[  367271ms] [ERROR] Failed to load resource: net::ERR_CONNECTION_REFUSED @ http://localhost:3000/api/auth/get-session:0
[  367271ms] [ERROR] Failed to load resource: net::ERR_CONNECTION_REFUSED @ http://localhost:3000/api/auth/get-session:0
[  367271ms] [ERROR] Failed to load resource: net::ERR_CONNECTION_REFUSED @ http://localhost:3000/api/auth/get-session:0
[  367271ms] [ERROR] Failed to load resource: net::ERR_CONNECTION_REFUSED @ http://localhost:3000/api/auth/get-session:0
[  367272ms] [ERROR] Failed to load resource: net::ERR_CONNECTION_REFUSED @ http://localhost:3000/api/auth/get-session:0
[  367272ms] [ERROR] Failed to load resource: net::ERR_CONNECTION_REFUSED @ http://localhost:3000/api/auth/get-session:0
[  367272ms] [ERROR] Failed to load resource: net::ERR_CONNECTION_REFUSED @ http://localhost:3000/api/auth/get-session:0
[  367272ms] [ERROR] Failed to load resource: net::ERR_CONNECTION_REFUSED @ http://localhost:3000/api/auth/get-session:0
[  367273ms] [ERROR] Failed to load resource: net::ERR_CONNECTION_REFUSED @ http://localhost:3000/api/auth/get-session:0
[  367273ms] [ERROR] Failed to load resource: net::ERR_CONNECTION_REFUSED @ http://localhost:3000/api/auth/get-session:0
[  367274ms] [ERROR] Failed to load resource: net::ERR_CONNECTION_REFUSED @ http://localhost:3000/api/auth/get-session:0
[  367274ms] [ERROR] Failed to load resource: net::ERR_CONNECTION_REFUSED @ http://localhost:3000/api/auth/get-session:0
[  367274ms] [ERROR] Failed to load resource: net::ERR_CONNECTION_REFUSED @ http://localhost:3000/api/auth/get-session:0
[  367274ms] [ERROR] Failed to load resource: net::ERR_CONNECTION_REFUSED @ http://localhost:3000/api/auth/get-session:0
[  367275ms] [ERROR] Failed to load resource: net::ERR_CONNECTION_REFUSED @ http://localhost:3000/api/auth/get-session:0
[  367275ms] [ERROR] Failed to load resource: net::ERR_CONNECTION_REFUSED @ http://localhost:3000/api/auth/get-session:0
[  367275ms] [ERROR] Failed to load resource: net::ERR_CONNECTION_REFUSED @ http://localhost:3000/api/auth/get-session:0
[  367275ms] [ERROR] Failed to load resource: net::ERR_CONNECTION_REFUSED @ http://localhost:3000/api/auth/get-session:0
[  367275ms] [ERROR] Failed to load resource: net::ERR_CONNECTION_REFUSED @ http://localhost:3000/api/auth/get-session:0
[  367275ms] [ERROR] Failed to load resource: net::ERR_CONNECTION_REFUSED @ http://localhost:3000/api/auth/get-session:0
[  367275ms] [ERROR] Failed to load resource: net::ERR_CONNECTION_REFUSED @ http://localhost:3000/api/auth/get-session:0
[  367276ms] [ERROR] Failed to load resource: net::ERR_CONNECTION_REFUSED @ http://localhost:3000/api/auth/get-session:0
[  367276ms] [ERROR] Failed to load resource: net::ERR_CONNECTION_REFUSED @ http://localhost:3000/api/auth/get-session:0
[  367276ms] [ERROR] Failed to load resource: net::ERR_CONNECTION_REFUSED @ http://localhost:3000/api/auth/get-session:0
[  367276ms] [ERROR] Failed to load resource: net::ERR_CONNECTION_REFUSED @ http://localhost:3000/api/auth/get-session:0
[  367276ms] [ERROR] Failed to load resource: net::ERR_CONNECTION_REFUSED @ http://localhost:3000/api/auth/get-session:0
[  367277ms] [ERROR] Failed to load resource: net::ERR_CONNECTION_REFUSED @ http://localhost:3000/api/auth/get-session:0
[  367277ms] [ERROR] Failed to load resource: net::ERR_CONNECTION_REFUSED @ http://localhost:3000/api/auth/get-session:0
[  367277ms] [ERROR] Failed to load resource: net::ERR_CONNECTION_REFUSED @ http://localhost:3000/api/auth/get-session:0
[  367277ms] [ERROR] Failed to load resource: net::ERR_CONNECTION_REFUSED @ http://localhost:3000/api/auth/get-session:0
[  367277ms] [ERROR] Failed to load resource: net::ERR_CONNECTION_REFUSED @ http://localhost:3000/api/auth/get-session:0
[  367278ms] [ERROR] Failed to load resource: net::ERR_CONNECTION_REFUSED @ http://localhost:3000/api/auth/get-session:0
[  367278ms] [ERROR] Failed to load resource: net::ERR_CONNECTION_REFUSED @ http://localhost:3000/api/auth/get-session:0
[  367278ms] [ERROR] Failed to load resource: net::ERR_CONNECTION_REFUSED @ http://localhost:3000/api/auth/get-session:0
[  367278ms] [ERROR] Failed to load resource: net::ERR_CONNECTION_REFUSED @ http://localhost:3000/api/auth/get-session:0
[  367278ms] [ERROR] Failed to load resource: net::ERR_CONNECTION_REFUSED @ http://localhost:3000/api/auth/get-session:0
[  367278ms] [ERROR] Failed to load resource: net::ERR_CONNECTION_REFUSED @ http://localhost:3000/api/auth/get-session:0
[  367279ms] [ERROR] Failed to load resource: net::ERR_CONNECTION_REFUSED @ http://localhost:3000/api/auth/get-session:0
[  367279ms] [ERROR] Failed to load resource: net::ERR_CONNECTION_REFUSED @ http://localhost:3000/api/auth/get-session:0
[  367279ms] [ERROR] Failed to load resource: net::ERR_CONNECTION_REFUSED @ http://localhost:3000/api/auth/get-session:0
[  367279ms] [ERROR] Failed to load resource: net::ERR_CONNECTION_REFUSED @ http://localhost:3000/api/auth/get-session:0
[  367279ms] [ERROR] Failed to load resource: net::ERR_CONNECTION_REFUSED @ http://localhost:3000/api/auth/get-session:0
[  367279ms] [ERROR] Failed to load resource: net::ERR_CONNECTION_REFUSED @ http://localhost:3000/api/auth/get-session:0
[  367279ms] [ERROR] Failed to load resource: net::ERR_CONNECTION_REFUSED @ http://localhost:3000/api/auth/get-session:0
[  367280ms] [ERROR] Failed to load resource: net::ERR_CONNECTION_REFUSED @ http://localhost:3000/api/auth/get-session:0
[  367280ms] [ERROR] Failed to load resource: net::ERR_CONNECTION_REFUSED @ http://localhost:3000/api/auth/get-session:0
[  367280ms] [ERROR] Failed to load resource: net::ERR_CONNECTION_REFUSED @ http://localhost:3000/api/auth/get-session:0
[  367281ms] [ERROR] Failed to load resource: net::ERR_CONNECTION_REFUSED @ http://localhost:3000/api/auth/get-session:0
[  367281ms] [ERROR] Failed to load resource: net::ERR_CONNECTION_REFUSED @ http://localhost:3000/api/auth/get-session:0
[  367281ms] [ERROR] Failed to load resource: net::ERR_CONNECTION_REFUSED @ http://localhost:3000/api/auth/get-session:0
[  367281ms] [ERROR] Failed to load resource: net::ERR_CONNECTION_REFUSED @ http://localhost:3000/api/auth/get-session:0
[  367281ms] [ERROR] Failed to load resource: net::ERR_CONNECTION_REFUSED @ http://localhost:3000/api/auth/get-session:0
[  367281ms] [ERROR] Failed to load resource: net::ERR_CONNECTION_REFUSED @ http://localhost:3000/api/auth/get-session:0
[  367282ms] [ERROR] Failed to load resource: net::ERR_CONNECTION_REFUSED @ http://localhost:3000/api/auth/get-session:0
[  367282ms] [ERROR] Failed to load resource: net::ERR_CONNECTION_REFUSED @ http://localhost:3000/api/auth/get-session:0
[  367282ms] [ERROR] Failed to load resource: net::ERR_CONNECTION_REFUSED @ http://localhost:3000/api/auth/get-session:0
[  367282ms] [ERROR] Failed to load resource: net::ERR_CONNECTION_REFUSED @ http://localhost:3000/api/auth/get-session:0
[  367283ms] [ERROR] Failed to load resource: net::ERR_CONNECTION_REFUSED @ http://localhost:3000/api/auth/get-session:0
[  367283ms] [ERROR] Failed to load resource: net::ERR_CONNECTION_REFUSED @ http://localhost:3000/api/auth/get-session:0
[  368259ms] [ERROR] WebSocket connection to 'ws://localhost:3000/_next/webpack-hmr?id=a6qIUg9u2XQCf9aSzF8aO' failed: Error in connection establishment: net::ERR_CONNECTION_REFUSED @ http://localhost:3000/_next/static/chunks/7d626_next_dist_client_9a27084e._.js:10878
[  369263ms] [ERROR] WebSocket connection to 'ws://localhost:3000/_next/webpack-hmr?id=a6qIUg9u2XQCf9aSzF8aO' failed: Error in connection establishment: net::ERR_CONNECTION_REFUSED @ http://localhost:3000/_next/static/chunks/7d626_next_dist_client_9a27084e._.js:10878
[  370266ms] [ERROR] WebSocket connection to 'ws://localhost:3000/_next/webpack-hmr?id=a6qIUg9u2XQCf9aSzF8aO' failed: Error in connection establishment: net::ERR_CONNECTION_REFUSED @ http://localhost:3000/_next/static/chunks/7d626_next_dist_client_9a27084e._.js:10878
[  371269ms] [ERROR] WebSocket connection to 'ws://localhost:3000/_next/webpack-hmr?id=a6qIUg9u2XQCf9aSzF8aO' failed: Error in connection establishment: net::ERR_CONNECTION_REFUSED @ http://localhost:3000/_next/static/chunks/7d626_next_dist_client_9a27084e._.js:10878
[  372272ms] [ERROR] WebSocket connection to 'ws://localhost:3000/_next/webpack-hmr?id=a6qIUg9u2XQCf9aSzF8aO' failed: Error in connection establishment: net::ERR_CONNECTION_REFUSED @ http://localhost:3000/_next/static/chunks/7d626_next_dist_client_9a27084e._.js:10878
[  392554ms] Error: [CONVEX Q(orders:getById)] [Request ID: 420efc04846d9d77] Server Error
ArgumentValidationError: Value does not match validator.
Path: .id
Value: "kitchen"
Validator: v.id("orders")


  Called by client
    at OptimisticQueryResults.queryResult (http://localhost:3000/_next/static/chunks/node_modules__pnpm_f96f5f6f._.js:2795:19)
    at BaseConvexClient.localQueryResult (http://localhost:3000/_next/static/chunks/node_modules__pnpm_f96f5f6f._.js:4644:44)
    at Object.localQueryResult (http://localhost:3000/_next/static/chunks/node_modules__pnpm_f96f5f6f._.js:6399:44)
    at QueriesObserver.getLocalResults (http://localhost:3000/_next/static/chunks/node_modules__pnpm_f96f5f6f._.js:6776:31)
    at useQueriesHelper.useMemo[subscription] (http://localhost:3000/_next/static/chunks/node_modules__pnpm_f96f5f6f._.js:6908:41)
    at useSubscription.useEffect.checkForUpdates (http://localhost:3000/_next/static/chunks/node_modules__pnpm_f96f5f6f._.js:6148:43)
    at basicStateReducer (http://localhost:3000/_next/static/chunks/7d626_next_dist_compiled_react-dom_a00d0015._.js:4828:47)
    at updateReducerImpl (http://localhost:3000/_next/static/chunks/7d626_next_dist_compiled_react-dom_a00d0015._.js:4910:79)
    at updateReducer (http://localhost:3000/_next/static/chunks/7d626_next_dist_compiled_react-dom_a00d0015._.js:4860:16)
    at Object.useState (http://localhost:3000/_next/static/chunks/7d626_next_dist_compiled_react-dom_a00d0015._.js:15282:24)
    at exports.useState (http://localhost:3000/_next/static/chunks/7d626_next_dist_compiled_d65fe0fa._.js:1754:36)
    at useSubscription (http://localhost:3000/_next/static/chunks/node_modules__pnpm_f96f5f6f._.js:6119:405)
    at useQueriesHelper (http://localhost:3000/_next/static/chunks/node_modules__pnpm_f96f5f6f._.js:6922:275)
    at useQueries (http://localhost:3000/_next/static/chunks/node_modules__pnpm_f96f5f6f._.js:6888:12)
    at useQuery (http://localhost:3000/_next/static/chunks/node_modules__pnpm_f96f5f6f._.js:6636:274)
    at OrderDetailPage (http://localhost:3000/_next/static/chunks/packages_admin_src_pages_orders_a78264e3._.js:1884:265)
    at Object.react_stack_bottom_frame (http://localhost:3000/_next/static/chunks/7d626_next_dist_compiled_react-dom_a00d0015._.js:14826:24)
    at renderWithHooks (http://localhost:3000/_next/static/chunks/7d626_next_dist_compiled_react-dom_a00d0015._.js:4651:24)
    at updateFunctionComponent (http://localhost:3000/_next/static/chunks/7d626_next_dist_compiled_react-dom_a00d0015._.js:6112:21)
    at beginWork (http://localhost:3000/_next/static/chunks/7d626_next_dist_compiled_react-dom_a00d0015._.js:6708:24)
    at runWithFiberInDEV (http://localhost:3000/_next/static/chunks/7d626_next_dist_compiled_react-dom_a00d0015._.js:965:74)
    at performUnitOfWork (http://localhost:3000/_next/static/chunks/7d626_next_dist_compiled_react-dom_a00d0015._.js:9562:97)
    at workLoopSync (http://localhost:3000/_next/static/chunks/7d626_next_dist_compiled_react-dom_a00d0015._.js:9456:40)
    at renderRootSync (http://localhost:3000/_next/static/chunks/7d626_next_dist_compiled_react-dom_a00d0015._.js:9440:13)
    at performWorkOnRoot (http://localhost:3000/_next/static/chunks/7d626_next_dist_compiled_react-dom_a00d0015._.js:9105:47)
    at performWorkOnRootViaSchedulerTask (http://localhost:3000/_next/static/chunks/7d626_next_dist_compiled_react-dom_a00d0015._.js:10230:9)
    at MessagePort.performWorkUntilDeadline (http://localhost:3000/_next/static/chunks/7d626_next_dist_compiled_d65fe0fa._.js:2647:64)
