[   62719ms] ReferenceError: completedSearch is not defined
    at KitchenContent (http://localhost:3000/_next/static/chunks/apps_restaurant-theme_41ae8962._.js?id=%255Bproject%255D%252Fapps%252Frestaurant-theme%252Fcomponents%252Fadmin%252Fkitchen%252FKitchenContent.tsx+%255Bapp-client%255D+%2528ecmascript%2529:129:9)
    at Object.react_stack_bottom_frame (http://localhost:3000/_next/static/chunks/7d626_next_dist_compiled_react-dom_a00d0015._.js:14826:24)
    at renderWithHooks (http://localhost:3000/_next/static/chunks/7d626_next_dist_compiled_react-dom_a00d0015._.js:4651:24)
    at updateFunctionComponent (http://localhost:3000/_next/static/chunks/7d626_next_dist_compiled_react-dom_a00d0015._.js:6112:21)
    at beginWork (http://localhost:3000/_next/static/chunks/7d626_next_dist_compiled_react-dom_a00d0015._.js:6708:24)
    at runWithFiberInDEV (http://localhost:3000/_next/static/chunks/7d626_next_dist_compiled_react-dom_a00d0015._.js:965:74)
    at performUnitOfWork (http://localhost:3000/_next/static/chunks/7d626_next_dist_compiled_react-dom_a00d0015._.js:9562:97)
    at workLoopSync (http://localhost:3000/_next/static/chunks/7d626_next_dist_compiled_react-dom_a00d0015._.js:9456:40)
    at renderRootSync (http://localhost:3000/_next/static/chunks/7d626_next_dist_compiled_react-dom_a00d0015._.js:9440:13)
    at performWorkOnRoot (http://localhost:3000/_next/static/chunks/7d626_next_dist_compiled_react-dom_a00d0015._.js:9105:47)
    at performSyncWorkOnRoot (http://localhost:3000/_next/static/chunks/7d626_next_dist_compiled_react-dom_a00d0015._.js:10238:9)
    at flushSyncWorkAcrossRoots_impl (http://localhost:3000/_next/static/chunks/7d626_next_dist_compiled_react-dom_a00d0015._.js:10154:316)
    at flushSyncWork$1 (http://localhost:3000/_next/static/chunks/7d626_next_dist_compiled_react-dom_a00d0015._.js:9237:86)
    at Object.scheduleRefresh (http://localhost:3000/_next/static/chunks/7d626_next_dist_compiled_react-dom_a00d0015._.js:299:13)
    at http://localhost:3000/_next/static/chunks/7d626_next_dist_compiled_d65fe0fa._.js:391:33
    at Set.forEach (<anonymous>)
    at Object.performReactRefresh (http://localhost:3000/_next/static/chunks/7d626_next_dist_compiled_d65fe0fa._.js:384:38)
    at applyUpdate (http://localhost:3000/_next/static/chunks/7d626_next_dist_compiled_d65fe0fa._.js:878:31)
    at http://localhost:3000/_next/static/chunks/7d626_next_dist_compiled_d65fe0fa._.js:886:13
[   69773ms] [WARNING] [Fast Refresh] performing full reload because your application had an unrecoverable error @ http://localhost:3000/_next/static/chunks/7d626_next_dist_e768cca1._.js:2297
[   72447ms] TypeError: Cannot read properties of undefined (reading 'length')
    at KitchenContent (http://localhost:3000/_next/static/chunks/apps_restaurant-theme_41ae8962._.js:2073:54)
    at Object.react_stack_bottom_frame (http://localhost:3000/_next/static/chunks/7d626_next_dist_compiled_react-dom_a00d0015._.js:14826:24)
    at renderWithHooks (http://localhost:3000/_next/static/chunks/7d626_next_dist_compiled_react-dom_a00d0015._.js:4651:24)
    at updateFunctionComponent (http://localhost:3000/_next/static/chunks/7d626_next_dist_compiled_react-dom_a00d0015._.js:6112:21)
    at beginWork (http://localhost:3000/_next/static/chunks/7d626_next_dist_compiled_react-dom_a00d0015._.js:6708:24)
    at runWithFiberInDEV (http://localhost:3000/_next/static/chunks/7d626_next_dist_compiled_react-dom_a00d0015._.js:965:74)
    at performUnitOfWork (http://localhost:3000/_next/static/chunks/7d626_next_dist_compiled_react-dom_a00d0015._.js:9562:97)
    at workLoopSync (http://localhost:3000/_next/static/chunks/7d626_next_dist_compiled_react-dom_a00d0015._.js:9456:40)
    at renderRootSync (http://localhost:3000/_next/static/chunks/7d626_next_dist_compiled_react-dom_a00d0015._.js:9440:13)
    at performWorkOnRoot (http://localhost:3000/_next/static/chunks/7d626_next_dist_compiled_react-dom_a00d0015._.js:9105:47)
    at performWorkOnRootViaSchedulerTask (http://localhost:3000/_next/static/chunks/7d626_next_dist_compiled_react-dom_a00d0015._.js:10230:9)
    at MessagePort.performWorkUntilDeadline (http://localhost:3000/_next/static/chunks/7d626_next_dist_compiled_d65fe0fa._.js:2647:64)
[   75114ms] [WARNING] [Fast Refresh] performing full reload because your application had an unrecoverable error @ http://localhost:3000/_next/static/chunks/7d626_next_dist_e768cca1._.js:2297
